// Jest Snapshot v1, https://goo.gl/fbAQLP

exports[`renders snapshot without crashing 1`] = `
<DocumentFragment>
  <div
    class="PageNotFound"
  >
    <div
      class="PageNotFound-text"
    >
      <p
        style="color: black; font-size: 60px;"
      >
        Page Not Found
      </p>
      <p
        style="color: black; font-size: 23px;"
      >
        Click back button or a menu tab!
      </p>
    </div>
  </div>
</DocumentFragment>
`;
